// Jest Snapshot v1, https://goo.gl/fbAQLP

exports[`get-options 1`] = `
Array [
  "<input>",
  "alwaysShowCalendars",
  "apply.daterangepicker",
  "applyButtonClasses",
  "autoApply",
  "autoUpdateInput",
  "buttonClasses",
  "cancel.daterangepicker",
  "cancelButtonClasses",
  "drops",
  "endDate",
  "hide.daterangepicker",
  "hideCalendar.daterangepicker",
  "isCustomDate",
  "isInvalidDate",
  "linkedCalendars",
  "locale",
  "maxDate",
  "maxSpan",
  "maxYear",
  "minDate",
  "minYear",
  "moment",
  "opens",
  "parentEl",
  "ranges",
  "setEndDate(Date or string)",
  "setStartDate(Date or string)",
  "show.daterangepicker",
  "showCalendar.daterangepicker",
  "showCustomRangeLabel",
  "showDropdowns",
  "showISOWeekNumbers",
  "showWeekNumbers",
  "singleDatePicker",
  "startDate",
  "template",
  "timePicker",
  "timePicker24Hour",
  "timePickerIncrement",
  "timePickerSeconds",
]
`;
